// Jest Snapshot v1, https://goo.gl/fbAQLP

exports[`obfuscator.io recipe 1`] = `
{
  "value": "function _0x7cfa(_0x2a8c69, _0x59075f) {  const _0x69d5ea = _0x29ca();  return _0x7cfa = function (_0x4b58b4, _0x740a8a) {    _0x4b58b4 = _0x4b58b4 - 306;    let _0x582461 = _0x69d5ea[_0x4b58b4];    if (_0x7cfa["lPCEVg"] === undefined) {      var _0x2e32c3 = function (_0x4a90ab) {        let _0x1e02e5 = '';        let _0x321c5d = '';        let _0x104680 = _0x1e02e5 + _0x2e32c3;        for (let _0x1baa1d = 0, _0x260741, _0x517378, _0x101cf7 = 0; _0x517378 = _0x4a90ab["charAt"](_0x101cf7++); ~_0x517378 && (_0x260741 = _0x1baa1d % 4 ? _0x260741 * 64 + _0x517378 : _0x517378, _0x1baa1d++ % 4) ? _0x1e02e5 += _0x104680["charCodeAt"](_0x101cf7 + 10) - 10 !== 0 ? String["fromCharCode"](255 & _0x260741 >> (-2 * _0x1baa1d & 6)) : _0x1baa1d : 0) {          _0x517378 = "abcdefghijklmnopqrstuvwxyzABCDEFGHIJKLMNOPQRSTUVWXYZ0123456789+/="["indexOf"](_0x517378);        }        for (let _0x3bf47c = 0, _0x1ae1c2 = _0x1e02e5["length"]; _0x3bf47c < _0x1ae1c2; _0x3bf47c++) {          _0x321c5d += "%" + ("00" + _0x1e02e5["charCodeAt"](_0x3bf47c)["toString"](16))["slice"](-2);        }        return decodeURIComponent(_0x321c5d);      };      const _0x1a57c7 = function (_0x3fc986, _0x4713ac) {        let _0x3e9c3c = [];        let _0x1e74bf = 0;        let _0x10345b;        let _0x136f26 = '';        _0x3fc986 = _0x2e32c3(_0x3fc986);        let _0x4c1925;        for (_0x4c1925 = 0; _0x4c1925 < 256; _0x4c1925++) {          _0x3e9c3c[_0x4c1925] = _0x4c1925;        }        for (_0x4c1925 = 0; _0x4c1925 < 256; _0x4c1925++) {          _0x1e74bf = (_0x1e74bf + _0x3e9c3c[_0x4c1925] + _0x4713ac["charCodeAt"](_0x4c1925 % _0x4713ac["length"])) % 256;          _0x10345b = _0x3e9c3c[_0x4c1925];          _0x3e9c3c[_0x4c1925] = _0x3e9c3c[_0x1e74bf];          _0x3e9c3c[_0x1e74bf] = _0x10345b;        }        _0x4c1925 = 0;        _0x1e74bf = 0;        for (let _0x4b808f = 0; _0x4b808f < _0x3fc986["length"]; _0x4b808f++) {          _0x4c1925 = (_0x4c1925 + 1) % 256;          _0x1e74bf = (_0x1e74bf + _0x3e9c3c[_0x4c1925]) % 256;          _0x10345b = _0x3e9c3c[_0x4c1925];          _0x3e9c3c[_0x4c1925] = _0x3e9c3c[_0x1e74bf];          _0x3e9c3c[_0x1e74bf] = _0x10345b;          _0x136f26 += String["fromCharCode"](_0x3fc986["charCodeAt"](_0x4b808f) ^ _0x3e9c3c[(_0x3e9c3c[_0x4c1925] + _0x3e9c3c[_0x1e74bf]) % 256]);        }        return _0x136f26;      };      _0x7cfa["iXYQVw"] = _0x1a57c7;      _0x2a8c69 = arguments;      _0x7cfa["lPCEVg"] = !![];    }    const _0x373be8 = _0x69d5ea[0];    const _0x482441 = _0x4b58b4 + _0x373be8;    const _0x2097d4 = _0x2a8c69[_0x482441];    if (!_0x2097d4) {      if (_0x7cfa["AJkTPn"] === undefined) {        const _0x3d2453 = function (_0x195cea) {          this["mqegps"] = _0x195cea;          this["ksHeBQ"] = [1, 0, 0];          this["nvWeiB"] = function () {            return "newState";          };          this["kgrASe"] = "\\\\w+ *\\\\(\\\\) *{\\\\w+ *";          this["UzvrHG"] = "['|\\"].+['|\\"];? *}";        };        _0x3d2453["prototype"]["qbwOmS"] = function () {          const _0x250e3a = new RegExp(this["kgrASe"] + this["UzvrHG"]);          const _0x36b6af = _0x250e3a["test"](this["nvWeiB"]["toString"]()) ? --this["ksHeBQ"][1] : --this["ksHeBQ"][0];          return this["DwQEqV"](_0x36b6af);        };        _0x3d2453["prototype"]["DwQEqV"] = function (_0xcc9062) {          if (!Boolean(~_0xcc9062)) return _0xcc9062;          return this["VkTQOs"](this["mqegps"]);        };        _0x3d2453["prototype"]["VkTQOs"] = function (_0x343be4) {          for (let _0x5917de = 0, _0x4c3fc6 = this["ksHeBQ"]["length"]; _0x5917de < _0x4c3fc6; _0x5917de++) {            this["ksHeBQ"]["push"](Math["round"](Math["random"]()));            _0x4c3fc6 = this["ksHeBQ"]["length"];          }          return _0x343be4(this["ksHeBQ"][0]);        };        new _0x3d2453(_0x7cfa)["qbwOmS"]();        _0x7cfa["AJkTPn"] = !![];      }      _0x582461 = _0x7cfa["iXYQVw"](_0x582461, _0x740a8a);      _0x2a8c69[_0x482441] = _0x582461;    } else _0x582461 = _0x2097d4;    return _0x582461;  }, _0x7cfa(_0x2a8c69, _0x59075f);}(function (_0x309c0c, _0x30d21d) {  const _0x3fb101 = _0x309c0c();  while (!![]) {    try {      const _0x9a939a = parseInt("7593EvItzx") / 1 + parseInt("1393352IJmFvX") / 2 * (-parseInt("3oWEdFC") / 3) + parseInt("255172AVdhmX") / 4 * (-parseInt("40QRIAqI") / 5) + -parseInt("390FZuzYn") / 6 * (parseInt("26348GDaZTQ") / 7) + parseInt("4445712colIEo") / 8 + parseInt("1008rFbKCk") / 9 * (-parseInt("49550GVdjie") / 10) + -parseInt("1948463qAITeu") / 11 * (-parseInt("156HtrVLe") / 12);      if (_0x9a939a === _0x30d21d) break;else _0x3fb101["push"](_0x3fb101["shift"]());    } catch (_0x23edb7) {      _0x3fb101["push"](_0x3fb101["shift"]());    }  }})(_0x29ca, 859396);function beerCount(_0x16bfca) {  return _0x16bfca > 0 ? _0x16bfca : "no more";}function beerSong() {  const _0x3a519d = function () {    if (true) {      let _0x1b5bde = !![];      return function (_0x4a6d32, _0x19dc3b) {        if (false) {} else {          const _0x162380 = _0x1b5bde ? function () {            if (false) {} else {              if (_0x19dc3b) {                if (false) {} else {                  const _0xdc81fe = _0x19dc3b["apply"](_0x4a6d32, arguments);                  return _0x19dc3b = null, _0xdc81fe;                }              }            }          } : function () {};          return _0x1b5bde = ![], _0x162380;        }      };    } else {}  }();  const _0x1d7982 = _0x3a519d(this, function () {    if (false) {} else return _0x1d7982["toString"]()["search"]("(((.+)+)+)+$")["toString"]()["constructor"](_0x1d7982)["search"]("(((.+)+)+)+$");  });  _0x1d7982();  const _0x34f817 = function () {    if (false) {} else {      let _0x1c5162 = !![];      return function (_0x547faa, _0x6598c8) {        if (true) {          const _0x2a4357 = _0x1c5162 ? function () {            if (true) {              if (_0x6598c8) {                if (false) {} else {                  const _0x21e9ce = _0x6598c8["apply"](_0x547faa, arguments);                  return _0x6598c8 = null, _0x21e9ce;                }              }            } else {}          } : function () {};          return _0x1c5162 = ![], _0x2a4357;        } else {}      };    }  }();  (function () {    if (false) {} else _0x34f817(this, function () {      if (false) {} else {        const _0x4fbd71 = new RegExp("function *\\\\( *\\\\)");        const _0x3b5f13 = new RegExp("\\\\+\\\\+ *(?:[a-zA-Z_$][0-9a-zA-Z_$]*)", "i");        const _0xd9f481 = _0x5e921c("init");        if (!_0x4fbd71["test"](_0xd9f481 + "chain") || !_0x3b5f13["test"](_0xd9f481 + "input")) {          if (false) {} else _0xd9f481("0");        } else {          if (false) {} else _0x5e921c();        }      }    })();  })();  const _0x1dea3d = function () {    if (true) {      let _0x382563 = !![];      return function (_0x405e95, _0x461b83) {        if (false) {} else {          const _0x549c1f = _0x382563 ? function () {            if (true) {              if (_0x461b83) {                if (false) {} else {                  const _0x29c2b0 = _0x461b83["apply"](_0x405e95, arguments);                  return _0x461b83 = null, _0x29c2b0;                }              }            } else {}          } : function () {};          return _0x382563 = ![], _0x549c1f;        }      };    } else {}  }();  const _0x4d4d62 = _0x1dea3d(this, function () {    if (true) {      let _0x51e641;      try {        if (false) {} else {          const _0x4e38ab = Function("return (function() {}.constructor(\\"return this\\")( ));");          _0x51e641 = _0x4e38ab();        }      } catch (_0x4b1331) {        if (false) {} else _0x51e641 = window;      }      const _0x5919a5 = _0x51e641["console"] = _0x51e641["console"] || {};      const _0x5a7666 = ["log", "warn", "info", "error", "exception", "table", "trace"];      for (let _0x21d4e9 = 0; _0x21d4e9 < _0x5a7666["length"]; _0x21d4e9++) {        if (false) {} else {          const _0x2b8f7b = _0x1dea3d["constructor"]["prototype"]["bind"](_0x1dea3d);          const _0x13b5ca = _0x5a7666[_0x21d4e9];          const _0x2b5528 = _0x5919a5[_0x13b5ca] || _0x2b8f7b;          _0x2b8f7b["__proto__"] = _0x1dea3d["bind"](_0x1dea3d);          _0x2b8f7b["toString"] = _0x2b5528["toString"]["bind"](_0x2b5528);          _0x5919a5[_0x13b5ca] = _0x2b8f7b;        }      }    } else {}  });  _0x4d4d62();  let _0x15b6f1 = 99;  let _0x4a1f09 = beerCount(_0x15b6f1);  while (_0x15b6f1 > 0) {    console["log"](_0x4a1f09 + " bottles of beer on the wall. " + _0x4a1f09 + " bottles of beer."), _0x4a1f09 = beerCount(--_0x15b6f1), console["log"]("Take one down, pass it around, " + _0x4a1f09 + " bottles of beer on the wall.");  }  console["log"]("No more bottles of beer on the wall, no more bottles of beer.\\nGo to the store and buy some more, 99 bottles of beer on the wall...");}(function () {  const _0x45deba = function () {    if (false) {} else {      let _0x41df9d;      try {        if (false) {} else _0x41df9d = Function("return (function() {}.constructor(\\"return this\\")( ));")();      } catch (_0x5340e0) {        _0x41df9d = window;      }      return _0x41df9d;    }  };  const _0x23a413 = _0x45deba();  _0x23a413["setInterval"](_0x5e921c, 4000);})();beerSong();function _0x5e921c(_0x174e68) {  function _0x3ce182(_0x48e95f) {    if (true) {      if (typeof _0x48e95f === "string") {        if (true) return function (_0x40767f) {}["constructor"]("while (true) {}")["apply"]("counter");else {}      } else {        if (true) {          if (('' + _0x48e95f / _0x48e95f)["length"] !== 1 || _0x48e95f % 20 === 0) {            if (false) {} else (function () {              if (true) return !![];else {}            })["constructor"]("debugger")["call"]("action");          } else {            if (true) (function () {              if (false) {} else return ![];            })["constructor"]("debugger")["apply"]("stateObject");else {}          }        } else {}      }      _0x3ce182(++_0x48e95f);    } else {}  }  try {    if (_0x174e68) return _0x3ce182;else _0x3ce182(0);  } catch (_0x736e29) {}}function _0x29ca() {  const _0x1d18c7 = ["FYJdPCkobG", "vL8Nduq", "wYRdVhqp", "iSouWRydDa", "jciEW4hcPG", "W7r3ACkRW6e", "ESotWPhdRce", "l0CtW4xdOW", "W77dRI8maW", "WRxcNdTLB09KWQZcUthdIhH+", "rmkWchbZ", "amopWPFcU2C", "WPVdHCkWWPhdRa", "fXWBW53cIa", "WQClvmoGlG", "DsLUAvi", "rmoeiYf3", "WQ3dTCo/WOPA", "mKf7WP/cQG", "WRqSW6G5AW", "WRWprCofjG", "WP8GqSowjq", "pmkIjwHU", "W5tdJuSBma", "WQ4bW6ZcGmkwEI8rWP3dOCk9cwy", "WORdIaKQ", "WP1qAmkDsW", "WPpcTcRcL8o2", "xW/dHN0d", "WOdcJ8k1W7FcRW", "wG8Xpvm", "WOPLFZ7dKW", "W54UWRZdJrK", "qCkRAx7dSa", "smogjZTs", "rSkts3JdRW", "WO3cSwpcRCoG", "qSoDWPddTWK", "gCoZWR/cIxC", "q8obWOJdLqW", "cmoTWQ3cJfG", "W7XxWOZdRCo3", "W4ifaCoLWQu", "r2m5vmoF", "W6WtWOddGCkW", "W5qKWQxcJmkf", "WOTUlCkt", "W4aLkCoQWPO", "W7KKrNT3", "WQKUW6vHja", "WRHjEsZdSG", "W5KXWQBdGmkt", "WPFdGZWMW7q", "WP1xuSoI", "WPtcPmoXsGO", "WR1bWRP/WQ4", "WQhdTCo9W4Wu", "vdZdH10p", "WQNcS8oaWQdcPq", "W4uvumk6hq", "WPFcVd3cOSo2", "W6eAdMj2", "W7RdHCoOzmoV", "WP3dGI4lW6i", "qvVdJW", "WQWZW695lG", "WQ0rW41Nbq", "WPVcKSoaWOBcMG", "W4jiqCk4W4q", "DmoFar0", "tCoCjYTs", "WQ/cQdldJrq", "WONdNY8VW50", "bmooWRSCqa", "W694ECkUW6W", "WRrQFHddRa", "WP8UA8osgG", "abhdVSksgW", "lCoIf8o8W4m", "W5ufiSoD", "bmk7DgxdTG", "gYyZW4hcVW", "oCokWOqjyW", "WPddP8kMWONdRa", "ArOIlxu", "CZddULS1", "s13dIqtcSG", "ymo/WORdTHu", "ECk3ieLv", "ymkGtwBdHq", "W50YiwrU", "rCoum8k8WP0", "oKvMywVdKmkEWR/cSCom", "qY/dISkWgW", "WPWWWOH2WOu", "W5mdy8kjWRG", "WQK1WQzHiW", "WO9+z8oNDG", "zgeOmx8", "eSoxWQpdRrm", "W6ZdIIiHpq", "sCkUCCkZWR4", "umofl8kRW4m", "WOfWvcJdRW", "A3GyjMS", "WQldI8kGWPVdJq", "W7/cMKVcKa", "WOtcQw3cRmoG", "WQ8Zg1ZdNW", "W5qIvmknmq", "WQ/cO8oYBWK", "FXOflwS", "WO/cHqJdTX4", "W6lcJ2aZoq", "WPdcKmopDXi", "WPddGmkGWPZdUq", "ve4D", "W74jWQpdNmkK", "ASo+nCk9WOe", "WPLBWQXoWPC", "w3impq", "l8oChSo+W7q", "zXhdVfan", "W6mmySkrWOe", "t1uzzSoZ", "W5RdJmoTW7JcPq", "rSk5cLbk", "kLfcW4ZcPa", "W7yty8oCW7e", "W5ujs8kh", "BXqJlh4", "W6GZWQhdJCkP", "WOvDy8oAsa", "W4OXhCo8WRy", "A14vo1W", "eSoJomoVW7y", "A1Wvbh0", "WOW4l3pdMq", "W5aozSkCWQi", "WPVcLmo8WQJcOq", "zvmJwmoU", "W6pdG8oYW53cNMKhDSo5", "u8oriJZdIG", "W5VcOmoiWRGu", "WQW/lftdIG", "Ce3dQIdcVW", "h8kdEwbuWONdOrCura", "WPq5W6XWka", "Ag8tECo9", "W5XRrmkNW6e", "WQZcOmoabq0", "gGdcNvZdQWldPmkgW6OkW6NcNW", "W5xdRgO3cq", "WPxdHZ09W7i", "W4tdUxJdV8k4xmoiW4ddV1/dIGW", "F8o9ecfV", "WPVcJSoCW4tdGW", "WOtcPqZcI8ow", "W645rMb5", "WRq4WOLXWRq", "yHmLhxS", "W6TxWOVdJmoq", "WOKJD8ktjq", "yHBdUSkkga", "CqRdMvK0", "WQlcNcxcLmoF", "BSkyBgddLW", "aWddG3bz", "W7SFbSkZW5m", "fmoleSotW5S", "W4u0WP/dRZi", "tCkTo3ddSa", "hapdQCksiW", "gCoeWO4iyG", "W6GgcCoPWPW", "WQhcK8kLW6FcIq", "v0edzmo9", "FCkbavrW", "WPRcGCoIttC", "W7O9dMn7", "DJf0vL8", "W4/dLmoTWRm", "WPpcRSkNW4lcIq", "W6JcHSoYWRK1", "k8ojWQVcMLW", "WP4jWRWJmG", "lI3dH3j2", "WOdcVSkjW5ZcQq", "W6KwhSouWP0", "WPqGfgddSa", "W7qpvmkEWQq", "y2FdJItcMq", "F8kxnwP2", "W4WDc8kakG", "WOS3kuW", "bmoVWRK", "stBdPSkveG", "EraIlgS", "WRJdTmkWWPft", "zvyiof8", "W4agz8k1bW", "ESkJdxfl", "b8o0WP0jyW", "W6VdGwD2oa", "hCkkEr58WRRdUqu5", "vmoRWPtdLty", "BZpdM2en", "WQnowSoiEW", "W6VcP8oYyb53CW", "WO8zp8oiWPJdJCospSkmW57dH8klWRS", "tXyxeum", "BhiQv8ou", "WQtdJw0Ika", "q8odl8kTWOq", "WQ8+W7rJkG", "WQLjnmkrW7W", "FXaLlq", "u8kyWOO/lW", "W4tdO8ohxSok", "WRhdGCkpWPldLq", "WQ4fu8owhq", "WQVdQCkXWPzi", "WRCosCo6cq", "WQBdTCkRWPDj", "W6JdQCkXW4vi", "WO5+qSoNCG", "W6eRh3L+", "s351BCoG", "EwSWDCot", "xSosoISg", "AXrnvMC", "q1WLo18", "WOBdUJqvW7e", "WP3dQryWW4y", "fW4DW4FcJq", "BCk4WRzMaG", "WP5BWP9xWQq", "WRxdMCkVWQZdOa", "WQlcHvP0W6S", "W4FdLSoM", "W4nyzCkYW5S", "WOlcPslcOa", "hZaYW7lcQq", "vXflz3G", "W7S5W6LHpW", "W4/cJSo1WOqo", "W70MWPFdUdK", "WR96n11wW48CW50", "ESoedIPv", "WOKIW7D3dG", "WPldUmk4WPBdOq", "jf1FWOG", "bJhdT3v1", "hCo2WPmKqa", "W5aCW70hWQm", "W6asy8k2WOa", "W6aLeKnW", "W57dL8okW4VcLa", "W6FdGhC4ka", "WOHBECouuW", "W4JdR8o1FCo2", "zSo8bSk1WO4", "WOZcO8oIW4Oy", "FSoqcG", "WOdcSSogW7ldTG", "xCk6A2ddMa", "Amk1t37dSG", "BHNdI8kV", "vdfyt2m", "W7hdPmoGqmoC", "vSk3d2T7", "f2zHWQNcGW", "rCotoXldTW", "iH4XcW", "WPL3wc3dGa", "EqJdM8kZbq", "ksFdKq", "W5jdBa", "BbnZt1K", "aM5wWPBcJG", "CqeiW5/cJSo4WQJdJCoTCa", "W6RdGSoPW7VcKq", "cbxdPCkaca", "W7Oly8kdWR4", "a8ovn8oQW7O", "WRW3pwZdMa", "WPBdUdmmW7K", "FbKGkge", "aHFdPmkCaa", "W68NjSojWP4", "B1xcICkHfG", "W4HNyWVdVSkanCoeWPe4", "sSowkY0", "xwiCpwu", "WOBdO8kRWQldVW", "WOTBWPyRia", "zIialu4", "WQdcJSo+WR7cQW", "WQ9jsaa", "W7fBWQZdKCon", "W4OFW61YB8oHWP5YWQjflG", "umkGA3q", "yCoZWOpdSbW", "gtKS", "xCkrAmk/WP4", "hmo1WPmCFG", "aSoUomo0W7S", "eSosWOCIvW", "WRutuCkwha", "kWy5nhW", "WQDZA8oCCW", "WPyrnvZdLW", "W6FdGgWLmW", "W6GLchXR", "wCkJk0z1", "W5BdP08FhW", "WQKrymoJha", "WOHiFCorrq", "WRPxtmo/Aq", "aWhdVSkrqW", "xSkFWOf7", "dvNdQSk0qG", "zColdGxdGa", "W7ZdGvGCnW", "Emo7cSk/WR4", "WPFcTmocWONcJa", "WO8NFCofkW", "WQhcGSkLW6hcJW", "WOXbWRTMia", "dSoGWRlcHG", "fmocWRNcVMy", "WRJcQ8o3WOlcRG", "WPSuWPnbWRu", "hCorWOm8wW", "ySkjtvNdSW", "W5irhCozWOS", "o31HrSoa", "WOnkr8oPEq", "WOHuyCkt", "wmo+dZXP", "qKaPpv0", "btXKymo3", "qmo+eSk3WRm", "BZSefuK", "pNHbWPZcSG", "W5eVWR/dMa", "W4BdOxtcR8kI", "yXldMCkVhW", "WOq2DmoFmW", "tYRdSwmu", "W5qNESkZWRO", "W59MFSk5W6S", "W6myWOBdJZW", "W4xcOSoJ", "uXqJg00", "WRPfyZBdQq", "FSk9sh/dUa", "h8onWPa", "W58MWRpdNG", "WQFcNH3cI8oh", "W6T3r8ksW5W", "WOTGw8oova", "WPlcOWldRIC", "gWZcMcVcHKxdN8kjW6a", "uquqfM8", "WOjeWOrhWPS", "vCkyWQLNca", "WQemCSoGbq", "hmosWROPza", "W7LitCkYW40", "W7z8FSkVW6m", "Amk6f3bW", "WRvJDthdGa", "WQtcLd7cQCoK", "WRnisCo0xG", "E8kfi21K", "y8orpGxdNq", "ESoIi8kZWPS", "W6ayjuDN", "WOZdOXKNW5y", "WQLTqaJdOq", "W7tdGeKahG", "wmkClNzu", "o8ozFCoaW44", "gSkAACoYW4i", "uWztEeK", "ASkFd3zm", "b8o0pSoSW4u", "W5O/WQhdUYS", "E8ouWQpdSYO", "W7GuFCkCWQG", "WRdcMZzJA0TKWOBcNdddH0Tj", "rmokWPxdRrq", "WPOZWRpdMmkF", "F1K7xmoE", "W4Kmc3DO", "gbhdOSkddG", "WOlcPcJdRSo4", "w1ddIr/cVW", "W7ddINeI", "WPddGLOZW5G", "WO7cJq/dNI8", "W6ddUmoCwCoR", "WPuPt8oLca", "WOlcTt3cQW", "hdKLWPtdJW", "vCo3kHNdOG", "WQ/dLSk4WOXA", "tWavFmk8", "bd7dVSkXfW", "WRdcVXVdRY0", "W6JdQ8kWWPDz", "hXhdSCkhda", "gYCUg0mzxSkS", "qSoqWQxdRqK", "EwxdNalcUa", "wmotWO/dRGu", "WQ/dGSkPWPfO", "dCoPpG", "WR5SyXVdQq", "WO3cQCk0W6FcHq", "tfOfl2e", "WPDIWRbEWPC", "FSk8kMa", "WO5NWRWGoa", "W7WBWRhdLSkV", "W75lE8k+W7C", "wxC1z8oq", "xmoaWRxcUqK", "WOFdP8kxWQu", "W5BdMCokEmo3", "dujMWPtcVG", "W50nACkyW4O", "WPHDWQXz", "WPFcTCoMWP7cTa", "WOdcU8kUW7hcMa", "W5O4tCk5pa", "WRzkWOyrfq", "W7FdNmoCtCom", "hdGS", "WOtcHXRcMCoO", "W7XxWRBdI8ow", "BJ8Ihxy", "sIFdUhqS", "WPJcLqxcUCov", "W7BcK8kGWRCH", "WOFdR0hcKZO", "W5SUWRJdN8kE", "W5XkBSkp", "WRmyWRBdL8kc", "WRxcN8kZW4tcQa", "i3fzxSo9", "xJddVgqp", "DqDcCvm", "i1zvWQhcNa", "WOLuwaxdQG", "W4/dQeCgnW", "zaa4ptu", "rfddHGRcQa", "yZT4r0a", "WQ08W45hpG", "WRFcK8k2WRxcHq", "swe2pem", "WQddVmkaWRBdTW", "WQZdPtCxW7q", "sGXxzuq", "W7mkASk3WQK", "W6pdVCoEwSoS", "gmoAWO0yzq", "WQxdQCkTWOaC", "WQ/cGZJcQSoL", "W7GAbmo5", "W7BdKSocsW", "gwLZFmo9", "tgmqoYi", "WQ7cI8klf8kK", "WRVcISousW4", "WODxlCoquW", "qSonWOddSru", "WQTau8kUW4ddPZddPmkVbmkpW4G2", "WRfLurBdGa", "kqZdMhfT", "fZNdKwPp", "WRVcP8olvG4", "W58WnuZdJW", "WRPwzZpdVW", "WPNdQCkXWOZdUq", "y8kTsh7dJG", "sCk+hvbr", "FCkLngH7", "W5PvWR7dLCoB", "uIjWrXa", "qNddPcVcSG", "W4RdRmoMWO8F", "scW7t18", "WPxcPCoCrJi", "W5qUWRe", "WRdcOHddIWC", "W48OWOtdKYu", "W4xcOSoIWOu", "FSoktrddNq", "y8oFdX3dIG", "W4yzWP3dJdO", "W5PwWQ1jWOW", "WOZcSSoEWQFcJW", "WP3cJXtdIsG", "WP/cOIO", "i2rcWQRcKW", "WPWuWQbyWP0", "WQRcG8kQW5RcNG", "W582ySkbWRK", "i8khwetcN37dT8kDW6f7W5i", "W78/lhX+", "WPy8pq", "WRHYrmoAuW", "W5qps8kqmq", "uJWxl3u", "WO9hFdRcPG", "AWZdMCk2eG", "WQtdQbqNW7G", "o3ndECo5", "WR45W6jyha", "nCofWPhcS1W", "WQL7W6L7AW", "B8kAhmoYW4S", "WQ8zW7bDba", "dgjvWRVcRa", "ESoMoWTL", "W4hcV8oIWQiJ", "WQHUWO1YWPS", "WRdcO8ohWPVcTG", "b8oNWQFcRf4", "W799C8kEW50", "WQWPWQTFWPS", "hLtdV8kBtW", "WRJdVb0iW48", "e8oZoSoPW7O", "z8odomkpWPG", "WR7dVCkrWPxdOa", "W63dT8oLW57cNW", "hqhdUgL0", "ECowlSkGWOi", "WRRdO8o/WOrs", "WQZcRCowuq", "emonWPK9qq", "r8oEymkTWOm", "uM4ICCoP", "tY/dNhu6", "W7CIA8kzWP0", "hbxdO8kgtW", "c1DcWQ3cHW", "ACkqDwJdIq", "AdCNn20", "W6LGyCkzW50", "tSkdWOXRja", "sLZdHGK", "hZCYW4lcHa", "W6dcMCopWQq1", "WRJcPSoAWRdcTG", "WPdcHdBdNde", "WRVcSmocWRlcSG", "WRhcPSomuq", "WPK6W6PdiG", "WP4wW6nFeq", "W4PHWRNdGSok", "W7ehWOtdJtm", "fCoPcSoPW6C", "W4tdUCoDx8oS", "Fr3dM8k0", "WOTMlmovpW", "grGjW4dcKq", "WP7dUSk3W55cpSoWWPlcKmoFgq", "wSoElSo5W4e", "W5pdUCoIA8om", "W4XcW4GhW7hcVsy4W5ddS8kH", "z8orjIFdRq", "B8kzWQ5DhG", "W43dOCo+WQTx", "WOfMzSogmW", "WQNdTSkVWOLf", "W5eeWPZdPCk9", "WRC+W7u1ja", "W4LiWQRdTSos", "CLa4E8oQ", "W5HlWRSJjq", "WRLSrZBdQW", "W7pcK8o0WPGv", "a8okWPhdNaiIW7C", "W57dKmoQW5JcKG", "W4fSjSkNW7a", "W7WbdCoSWQm", "h8ooW5LGaa", "WQtdHmk5WRfB", "ySoZjJ/dOq", "E8krmNbw", "WQdcG8kNW6hcHq", "AIzOaL8", "CIXivKi", "W7BdHmoHwSo2", "WPJdG8k1WRf6", "W64CoCoPWOe", "EhddGJNcMG", "WRBcMSo+WPRcOq", "W7ZdMMWzka", "WQfIwtve", "nfffWPNcUq", "WOe1W7XWmG", "WRajBCoykW", "W5W7h8oTWR0", "W4HiF8k0W4e", "k8oiWOm0sq", "kSo3WQuIxa", "hXRdJ3nn", "WR7cMCkJ", "vdhdOMip", "zfuDFSol", "W6NdUfqIcW", "WPPXWOG1pW", "WRVcV8odyWS", "r8kZFLVdJG", "W7WZWPRdKda", "WP0jWQ0Yoa", "aGZdRfbq", "tCkPWQRcMgC", "W5GboCkfcmoFW5FdISk1ACoCdmk+"];  _0x29ca = function () {    return _0x1d18c7;  };  return _0x29ca();}",
}
`;
